// Jest Snapshot v1, https://goo.gl/fbAQLP

exports[`Map should be rendered correct 1`] = `
<div
  className="cities__map"
/>
`;
